[www.lotrems.com/index.html]
[static.wixstatic.com/media/702882_90849554162e484aa939befd5bd02aeb_mv2.png/v1/fill/w_192,h_192,lg_1,usm_0.66_1.00_0.01/702882_90849554162e484aa939befd5bd02aeb_mv2.png]
[static.wixstatic.com/media/702882_90849554162e484aa939befd5bd02aeb_mv2.png/v1/fill/w_32,h_32,lg_1,usm_0.66_1.00_0.01/702882_90849554162e484aa939befd5bd02aeb_mv2.png]
[static.wixstatic.com/media/702882_90849554162e484aa939befd5bd02aeb_mv2.png/v1/fill/w_180,h_180,lg_1,usm_0.66_1.00_0.01/702882_90849554162e484aa939befd5bd02aeb_mv2.png]
[static.parastorage.com/unpkg/@formatjs/intl-segmenter@11.7.10/polyfill.iife.js]
[static.parastorage.com/unpkg/core-js-bundle@3.2.1/minified.js]
[static.parastorage.com/unpkg/focus-within-polyfill@5.0.9/dist/focus-within-polyfill.js]
[www.lotrems.com/t.6.delayed]
[www.lotrems.com/e.7.delayed]
[backblue.gif]
[fade.gif]
[index.html]
[static.wixstatic.com/media/702882_90849554162e484aa939befd5bd02aeb_mv2.png/v1/fill/w_152,h_99,al_c,q_85,usm_0.66_1.00_0.01,enc_avif,quality_auto/Logo.png]
[www.lotrems.com/aboutus.html]
[www.lotrems.com/certifications.html]
[www.lotrems.com/team-3.html]
[www.lotrems.com/services-3.html]
[www.lotrems.com/copy-of-it-consulting-1.html]
[www.lotrems.com/copy-of-it-consulting.html]
[www.lotrems.com/general-6.html]
[www.lotrems.com/contact-8.html]
[static.wixstatic.com/media/702882_edd92b03e8684e34b0bcfac625e4a9fa_mv2.jpg/v1/crop/x_14,y_155,w_1920,h_23,q_80,blur_1,enc_auto/702882_edd92b03e8684e34b0bcfac625e4a9fa_mv2.jpg]
[static.wixstatic.com/media/702882_85b871dbf5414a69a66d995642b222a6_mv2.png/v1/fill/w_240,h_262,al_c,q_85,usm_0.66_1.00_0.01,enc_avif,quality_auto/image.png]
[static.wixstatic.com/media/702882_6d8ec54c127e4e16a654c442d7185d71_mv2.png/v1/fill/w_221,h_262,al_c,q_85,usm_0.66_1.00_0.01,enc_avif,quality_auto/image.png]
[static.wixstatic.com/media/702882_d36acf639d7540d49a79357ee2e82a55_mv2.png/v1/fill/w_257,h_262,al_c,q_85,usm_0.66_1.00_0.01,enc_avif,quality_auto/image.png]
[browser.sentry-cdn.com/7.120.3/bundle.tracing.es5.min.js]
[browser.sentry-cdn.com/7.120.3/modulemetadata.es5.min.js]
[www.lotrems.com/envelope/index.html]
[www.lotrems.com/api/index.html]
[www.lotrems.com/sitemap.xml]
[www.lotrems.com/feed.18.delayed]
[static.parastorage.com/services/wix-thunderbolt/dist/thunderbolt-commons.18472961.bundle.min.js]
[static.parastorage.com/services/wix-thunderbolt/dist/main.2582ae72.bundle.min.js]
[static.parastorage.com/services/wix-thunderbolt/dist/main.renderer.f600e767.bundle.min.js]
[static.parastorage.com/unpkg/lodash@4.17.21/lodash.min.js]
[static.parastorage.com/unpkg/react@18.3.1/umd/react.production.min.js]
[static.parastorage.com/unpkg/react-dom@18.3.1/umd/react-dom.production.min.js]
[static.parastorage.com/services/wix-thunderbolt/dist/browser-deprecation.bundle.es5.js]
[www.lotrems.com/decodeURIComponent(e.20.delayed]
[www.lotrems.com/index.html]
[www.lotrems.com/t.html]
[www.lotrems.com/e.html]
[static.parastorage.com/services/tag-manager-client/1.1028.0/siteTags.bundle.min.js]
[static.wixstatic.com/media/11062b_a6e1bb8d93704b859a65ba5d3dd3645a_mv2.jpg/v1/fill/w_122,h_76,al_c,q_80,usm_0.66_1.00_0.01,blur_2,enc_avif,quality_auto/11062b_a6e1bb8d93704b859a65ba5d3dd3645a_mv2.jpg]
[static.wixstatic.com/media/nsplsh_4477686575666473366b51_mv2_d_3000_2000_s_2.jpg/v1/fill/w_122,h_82,al_c,q_80,usm_0.66_1.00_0.01,blur_2,enc_avif,quality_auto/nsplsh_4477686575666473366b51_mv2_d_3000_2000_s_2.jpg]
[static.wixstatic.com/media/11062b_77378fc0da68439ebd8fd24a2f51e50cf000.jpg/v1/fill/w_180,h_101,al_c,q_80,usm_0.66_1.00_0.01,blur_2,enc_avif,quality_auto/11062b_77378fc0da68439ebd8fd24a2f51e50cf000.jpg]
[static.wixstatic.com/media/nsplsh_1d1cd907a6d04ffea595093ea3e772dd_mv2.jpg/v1/fill/w_122,h_153,al_c,q_80,usm_0.66_1.00_0.01,blur_2,enc_avif,quality_auto/nsplsh_1d1cd907a6d04ffea595093ea3e772dd_mv2.jpg]
[www.lotrems.com/aboutus.html]
[www.lotrems.com/certifications.html]
[static.wixstatic.com/media/11062b_a6e1bb8d93704b859a65ba5d3dd3645a_mv2.jpg/v1/fill/w_78,h_49,al_c,q_80,usm_0.66_1.00_0.01,blur_2,enc_avif,quality_auto/11062b_a6e1bb8d93704b859a65ba5d3dd3645a_mv2.jpg]
[www.lotrems.com/team-3.html]
[static.wixstatic.com/media/11062b_a6e1bb8d93704b859a65ba5d3dd3645a_mv2.jpg/v1/fill/w_107,h_67,al_c,q_80,usm_0.66_1.00_0.01,blur_2,enc_avif,quality_auto/11062b_a6e1bb8d93704b859a65ba5d3dd3645a_mv2.jpg]
[www.lotrems.com/services-3.html]
[static.wixstatic.com/media/702882_90849554162e484aa939befd5bd02aeb_mv2.png/v1/fill/w_152,h_99,al_c,q_85,usm_0.66_1.00_0.01,enc_auto/Logo.png]
[static.wixstatic.com/media/11062b_a6e1bb8d93704b859a65ba5d3dd3645a_mv2.jpg/v1/fill/w_107,h_67,al_c,q_80,usm_0.66_1.00_0.01,blur_2,enc_auto/11062b_a6e1bb8d93704b859a65ba5d3dd3645a_mv2.jpg]
[browser.sentry-cdn.com/6.18.2/bundle.min.js]
[www.lotrems.com/copy-of-it-consulting-1.html]
[www.lotrems.com/copy-of-it-consulting.html]
[static.parastorage.com/services/wix-perf-measure/1.1095.0/wix-perf-measure.umd.min.js]
[static.wixstatic.com/media/702882_8b4220e5b9fc4c428b0a8bd2fff4ae5c_mv2.jpg/v1/fill/w_108,h_67,al_c,q_80,usm_0.66_1.00_0.01,blur_1,enc_auto/702882_8b4220e5b9fc4c428b0a8bd2fff4ae5c_mv2.jpg]
[static.wixstatic.com/media/702882_f61a8944304842219c1cfee0a89dc2f1_mv2.png/v1/crop/x_56,y_0,w_324,h_115,q_85,blur_2,enc_avif,quality_auto/702882_f61a8944304842219c1cfee0a89dc2f1_mv2.png]
[www.lotrems.com/general-6.html]
[www.lotrems.com/contact-8.html]
[www.lotrems.com/api/index.html]
[www.lotrems.com/envelope/index.html]
[www.lotrems.com/feed.html]
[www.lotrems.com/decodeURIComponent(e.html]
